0 verbose cli /opt/homebrew/Cellar/node/25.9.0_1/bin/node /opt/homebrew/lib/node_modules/npm/bin/npm-cli.js
1 info using npm@11.12.1
2 info using node@v25.9.0
3 silly config load:file:/opt/homebrew/lib/node_modules/npm/npmrc
4 silly config load:file:/Users/althoframdhan/Documents/althof3.github.io/.npmrc
5 silly config load:file:/Users/althoframdhan/.npmrc
6 verbose config error loading user config Error: EPERM: operation not permitted, open '/Users/althoframdhan/.npmrc'
6 verbose config     at async open (node:internal/fs/promises:1281:25)
6 verbose config     at async readFile (node:internal/fs/promises:1929:14)
6 verbose config     at async #loadFile (/opt/homebrew/lib/node_modules/npm/node_modules/@npmcli/config/lib/index.js:646:5)
6 verbose config     at async Config.load (/opt/homebrew/lib/node_modules/npm/node_modules/@npmcli/config/lib/index.js:260:5)
6 verbose config     at async #load (/opt/homebrew/lib/node_modules/npm/lib/npm.js:95:5)
6 verbose config     at async Npm.load (/opt/homebrew/lib/node_modules/npm/lib/npm.js:77:14)
6 verbose config     at async module.exports (/opt/homebrew/lib/node_modules/npm/lib/cli/entry.js:36:37) {
6 verbose config   errno: -1,
6 verbose config   code: 'EPERM',
6 verbose config   syscall: 'open',
6 verbose config   path: '/Users/althoframdhan/.npmrc'
6 verbose config }
7 silly config load:file:/opt/homebrew/etc/npmrc
8 verbose title npm exec create-next-app@latest --help
9 verbose argv "exec" "--yes" "--" "create-next-app@latest" "--help"
10 verbose logfile logs-max:10 dir:/Users/althoframdhan/Documents/althof3.github.io/.npm-cache/_logs/2026-04-09T14_35_26_342Z-
11 verbose logfile /Users/althoframdhan/Documents/althof3.github.io/.npm-cache/_logs/2026-04-09T14_35_26_342Z-debug-0.log
12 silly logfile done cleaning log files
13 silly packumentCache heap:4496293888 maxSize:1124073472 maxEntrySize:562036736
14 http fetch GET 200 https://registry.npmjs.org/npm 180ms
15 http fetch GET 200 https://registry.npmjs.org/create-next-app 293ms (cache miss)
16 silly packumentCache heap:4496293888 maxSize:1124073472 maxEntrySize:562036736
17 silly packumentCache heap:4496293888 maxSize:1124073472 maxEntrySize:562036736
18 silly idealTree buildDeps
19 silly fetch manifest create-next-app@16.2.3
20 silly packumentCache full:https://registry.npmjs.org/create-next-app cache-miss
21 http fetch GET 200 https://registry.npmjs.org/create-next-app 129ms (cache miss)
22 silly packumentCache full:https://registry.npmjs.org/create-next-app set size:undefined disposed:false
23 silly placeDep ROOT create-next-app@16.2.3 OK for:  want: 16.2.3
24 silly reify moves {}
25 silly audit bulk request { 'create-next-app': [ '16.2.3' ] }
26 http cache create-next-app@https://registry.npmjs.org/create-next-app/-/create-next-app-16.2.3.tgz 0ms (cache hit)
27 silly tarball no local data for create-next-app@https://registry.npmjs.org/create-next-app/-/create-next-app-16.2.3.tgz. Extracting by manifest.
28 http fetch GET 200 https://registry.npmjs.org/create-next-app/-/create-next-app-16.2.3.tgz 104ms (cache miss)
29 http fetch POST 200 https://registry.npmjs.org/-/npm/v1/security/advisories/bulk 212ms
30 silly audit report {}
31 verbose cwd /Users/althoframdhan/Documents/althof3.github.io
32 verbose os Darwin 25.4.0
33 verbose node v25.9.0
34 verbose npm  v11.12.1
35 verbose exit 0
36 info ok
