0 verbose cli /opt/homebrew/Cellar/node/25.9.0_1/bin/node /opt/homebrew/lib/node_modules/npm/bin/npm-cli.js
1 info using npm@11.12.1
2 info using node@v25.9.0
3 silly config load:file:/opt/homebrew/lib/node_modules/npm/npmrc
4 silly config load:file:/Users/althoframdhan/Documents/althof3.github.io/.npmrc
5 silly config load:file:/Users/althoframdhan/.npmrc
6 verbose config error loading user config Error: EPERM: operation not permitted, open '/Users/althoframdhan/.npmrc'
6 verbose config     at async open (node:internal/fs/promises:1281:25)
6 verbose config     at async readFile (node:internal/fs/promises:1929:14)
6 verbose config     at async #loadFile (/opt/homebrew/lib/node_modules/npm/node_modules/@npmcli/config/lib/index.js:646:5)
6 verbose config     at async Config.load (/opt/homebrew/lib/node_modules/npm/node_modules/@npmcli/config/lib/index.js:260:5)
6 verbose config     at async #load (/opt/homebrew/lib/node_modules/npm/lib/npm.js:95:5)
6 verbose config     at async Npm.load (/opt/homebrew/lib/node_modules/npm/lib/npm.js:77:14)
6 verbose config     at async module.exports (/opt/homebrew/lib/node_modules/npm/lib/cli/entry.js:36:37) {
6 verbose config   errno: -1,
6 verbose config   code: 'EPERM',
6 verbose config   syscall: 'open',
6 verbose config   path: '/Users/althoframdhan/.npmrc'
6 verbose config }
7 silly config load:file:/opt/homebrew/etc/npmrc
8 verbose title npm exec create-next-app@latest ./ --typescript --app --eslint --no-tailwind --src-dir --use-npm --import-alias @/* --yes --disable-git
9 verbose argv "exec" "--yes" "--" "create-next-app@latest" "./" "--typescript" "--app" "--eslint" "--no-tailwind" "--src-dir" "--use-npm" "--import-alias" "@/*" "--yes" "--disable-git"
10 verbose logfile logs-max:10 dir:/Users/althoframdhan/Documents/althof3.github.io/.npm-cache/_logs/2026-04-09T14_36_26_459Z-
11 verbose logfile /Users/althoframdhan/Documents/althof3.github.io/.npm-cache/_logs/2026-04-09T14_36_26_459Z-debug-0.log
12 silly logfile done cleaning log files
13 silly packumentCache heap:4496293888 maxSize:1124073472 maxEntrySize:562036736
14 http fetch GET 200 https://registry.npmjs.org/create-next-app 166ms (cache revalidated)
15 silly packumentCache heap:4496293888 maxSize:1124073472 maxEntrySize:562036736
16 silly packumentCache heap:4496293888 maxSize:1124073472 maxEntrySize:562036736
17 verbose cwd /Users/althoframdhan/Documents/althof3.github.io
18 verbose os Darwin 25.4.0
19 verbose node v25.9.0
20 verbose npm  v11.12.1
21 verbose exit 0
22 info ok
